File "declaration-error.mly", line 1, characters 0-20:
Error: Syntax error in a %token declaration.
Here are sample valid declarations:
  %token DOT SEMICOLON
  %token <string> LID UID
