File "declaration-error-01.mly", line 1, characters 0-20:
Error: syntax error in a %token declaration.
Here are sample valid declarations:
  %token DOT SEMICOLON
  %token <string> LID UID
