File "declaration-error-a.mly", line 1, characters 15-20:
Error: syntax error.
Ill-formed %token declaration.
Examples of well-formed declarations:
  %token FOO
  %token DOT SEMICOLON
  %token <string> LID UID
