File "declaration-error-b.mly", line 3, characters 10-11:
Error: Ill-formed %token declaration.
Examples of well-formed declarations:
  %token FOO
  %token DOT SEMICOLON
  %token <string> LID UID
