File "invalid-declarations-a.mly", line 3, characters 11-14:
Error: Ill-formed %token declaration.
Examples of well-formed declarations:
  %token FOO
  %token DOT SEMICOLON
  %token <string> LID UID
