File "invalid-declarations-c.mly", line 6, characters 6-7:
Error: Ill-formed %type declaration.
Examples of well-formed declarations:
  %type <Syntax.expression> expression
  %type <int> date time
  %type <int option> option(date)
