File "invalid-declarations-01.mly", line 3, characters 0-14:
Error: syntax error in a %token declaration.
Here are sample valid declarations:
  %token DOT SEMICOLON
  %token <string> LID UID
