File "lots-of-errors-c.mly", line 2, characters 7-8:
Error: syntax error.
Ill-formed %token declaration.
Examples of well-formed declarations:
  %token FOO
  %token DOT SEMICOLON
  %token <string> LID UID
  %token FOO [@cost 0]
