File "lots-of-errors-01.mly", line 1, characters 0-1:
Error: syntax error inside a declaration.
