File "lots-of-errors-a.mly", line 1, characters 0-1:
Error: syntax error.
Either a declaration or %% is expected at this point.
