File "multiple-symbol-definition.mly", line 9, characters 0-1:
File "multiple-symbol-definition.mly", line 10, characters 0-1:
Error: the nonterminal symbol a is multiply defined.
