File "multiple-type-definition-modules-2.mly", line 1, characters 12-13:
Error: there are multiple %type declarations for nonterminal a.
