File "nonsense.mly", line 1, characters 47-50:
Error: Ill-formed rule.
Either a list of formal parameters or a colon is expected at this point.
Examples of well-formed rules:
  main: e = expr EOL { e }
  expr: i = INT { i } | e1 = expr PLUS e2 = expr { e1 + e2 }
  option(X): { None } | x = X { Some x }
