File "on-error-reduce-nonexistent.mly", line 3, characters 17-20:
Error: this should be a nonterminal symbol.
%on_error_reduce declarations are applicable only to nonterminal symbols.
