File "resync-on-action-prec.mly", line 7, characters 9-10:
Error: syntax error inside a production.
