File "rule-error.mly", line 11, characters 0-3:
Error: Either another production | ...
or a comma or a closing parenthesis
is expected at this point.
