File "terminal-type.mly", line 2, characters 11-12:
Error: this should be a nonterminal symbol.
%type declarations are applicable only to nonterminal symbols.
