File "type-ill-kinded.mly", line 3, characters 12-18:
Error: how is this symbol parameterized?
It is used at sorts * -> * and *.
The sort * -> * is not compatible with the sort *.
