File "uppercase.mly", line 1, characters 14-18:
Error: syntax error.
Ill-formed %start declaration.
A start symbol must begin with a lowercase letter.
Examples of well-formed declarations:
  %start program
  %start expression phrase
  %start <int> date time
