File "uppercase-start.mly", line 2, characters 0-10:
Error: syntax error in a %start declaration.
Here are sample valid declarations:
  %start expression phrase
  %start <int> date time
