%start dummy
%token A

%type <unit> dummy
%%

dummy:
| A
    { () }
| A infinite
    { () }

infinite:
| A infinite
    { () }

%%



