%{
   let x = X 0
%}
%start s
%token <int> X

%type <unit> s
%%

s:
| X
    {}

%%



