File "multiple-type-definition.mly", line 2, characters 12-13:
Error: there are multiple %type declarations for nonterminal a.
