File "on-error-reduce-ill-kinded.mly", line 3, characters 17-23:
Error: how is this symbol parameterized?
It is used at sorts * -> * and *.
The sort * -> * is not compatible with the sort *.
