File "unification-error-in-depth.mly", line 5, characters 11-12:
Error: how is this symbol parameterized?
It is used at sorts ((a -> *), c) -> * and (*, b) -> *.
The sort a -> * is not compatible with the sort *.
